
T10279.hs:10:10: error:
    Failed to load interface for ‘A’
    no unit key matching ‘rts-1.0’ was found
    (This unit key looks like the source package ID;
     the real unit key is ‘rts’)
    In the expression: (rts-1.0:A.Foo)
    In an equation for ‘blah’: blah = (rts-1.0:A.Foo)
