[1 of 1] Compiling ShouldFail[boot] ( tcfail220.hs-boot, tcfail220.o )

tcfail220.hs-boot:4:1: error:
    Type constructor ‘Maybe’ has conflicting definitions in the module
    and its signature file
    Main module: data Maybe a = Nothing | Just a
    Signature file:  type role Maybe phantom phantom
                     data Maybe a b = Nothing
    The types have different kinds
