[1 of 2] Processing p
/--- Shape for p
provides:
requires: A -> foo
\---
  [1 of 1] Compiling A[sig]           ( p/A.hsig, nothing )
[2 of 2] Processing q
/--- Shape for q
provides: B -> main-q(hole:A):B
               bar
requires: A -> foo
\---
  [1 of 2] Compiling A[sig]           ( q/A.hsig, nothing )
  [2 of 2] Compiling B                ( q/B.hs, nothing )
