[1 of 4] Processing p
  [1 of 2] Compiling H[sig]           ( p/H.hsig, nothing )
  [2 of 2] Compiling A                ( p/A.hs, nothing )
[2 of 4] Processing q
  [1 of 1] Compiling H[sig]           ( q/H.hsig, nothing )
[3 of 4] Processing h
  Instantiating main-h
  [1 of 1] Compiling H                ( h/H.hs, bkp01c/main-h/main-h/H.o )
[4 of 4] Processing r
  Instantiating main-r
  [1 of 2] Including main-h
  [2 of 2] Including main-q
    Instantiating main-q(main-h:H)
    [1 of 1] Including main-p
      Instantiating main-p(main-h:H)
      [1 of 2] Compiling H[sig]           ( p/H.hsig, nothing )
      [2 of 2] Compiling A                ( p/A.hs, bkp01c/main-p/main-p-E7zhxkw9WIbBA8VN1rcKh9/A.o )
    [1 of 1] Compiling H[sig]           ( q/H.hsig, nothing )
