[1 of 3] Processing p
unit p(hole:H)
  [1 of 2] Compiling H[sig]           ( p/H.hsig, nothing )
  [2 of 2] Compiling A                ( p/A.hs, nothing )
[2 of 3] Processing q
  Instantiating q
unit q
  [1 of 1] Compiling H                ( q/H.hs, bkp02-out/q/H.o )
[3 of 3] Processing r
  Instantiating r
unit r
- include q [(H, q:H)]
- include p(q:H) [(A, p(q:H):A)]
  [1 of 2] Including q
  [2 of 2] Including p
    Instantiating p(q:H)
unit p(q:H)
    [1 of 2] Compiling H[sig]           ( p/H.hsig, nothing )
    [2 of 2] Compiling A                ( p/A.hs, bkp02-out/p/p-D5Mg3foBSCrDbQDKH4WGSG/A.o )
  [1 of 1] Compiling R                ( r/R.hs, bkp02-out/r/R.o )
