
bkp09.bkp:1:26: warning:
    -XDatatypeContexts is deprecated: It was widely considered a misfeature, and has been removed from the Haskell language.
[1 of 5] Processing p
/--- Shape for p
provides:
requires: H -> Bloop{Bloop, GMap, xa, y}, Elem{Elem}, X{X}, F{F, F}, Foo{Foo, Foo}, S{S, R}, T{T, T, S}, x
\---
  [1 of 2] Compiling H[boot]          ( p/H.hs-boot, nothing )
  [2 of 2] Compiling H[merge]         ( p/H.hs-boot-merge, nothing )
[2 of 5] Processing q
/--- Shape for q
provides:
requires: H -> Bloop{Bloop, GMap, xa, y}, Elem{Elem}, X{X}, F{F, F}, Foo{Foo, Foo}, S{S, R}, T{T, T, S}, x
\---
  [1 of 2] Compiling H[boot]          ( q/H.hs-boot, nothing )
  [2 of 2] Compiling H[merge]         ( q/H.hs-boot-merge, nothing )
[3 of 5] Processing r
/--- Shape for r
provides: M -> r(hole:H):M
               hole:H.GMap{GMapBool}, a, b, c, d
requires: H -> Bloop{Bloop, GMap, xa, y}, Elem{Elem}, X{X}, F{F, F}, Foo{Foo, Foo}, S{S, R}, T{T, S, T}, x
\---
  [1 of 2] Compiling H[merge]         ( r/H.hs-boot-merge, nothing )
  [2 of 2] Compiling M                ( r/M.hs, nothing )
[4 of 5] Processing h-impl
/--- Shape for h-impl
provides: H -> h-impl():H
               Bloop{Bloop, GMap, xa, y}, Elem{Elem}, X{X}, F{F, F}, Foo{Foo, Foo}, S{S, R}, T{T, T, S}, x
requires:
\---
  [1 of 1] Compiling H                ( h-impl/H.hs, nothing )
  Instantiating h-impl()
  [1 of 1] Compiling H                ( h-impl/H.hs, nothing )
[5 of 5] Processing s
/--- Shape for s
provides: H -> h-impl@Hop3m74wARAALZEulTmMkM:H
               x, Bloop{Bloop, GMap, xa, y}, Elem{Elem}, F{F, F}, Foo{Foo, Foo}, S{S, R}, T{T, S, T}, X{X}
          M -> r(h-impl@Hop3m74wARAALZEulTmMkM:H):M
               a, b, c, d, GMap{GMapBool}
requires:
\---
  Instantiating s()
  [1 of 2] Including h-impl
    Instantiating h-impl
    [1 of 1] Compiling H                ( h-impl/H.hs, nothing )
  [2 of 2] Including r
    Instantiating r(h-impl:H)
    [1 of 2] Including q
      Instantiating q(h-impl:H)
      [1 of 2] Compiling H[boot]          ( q/H.hs-boot, nothing )
      [2 of 2] Compiling H[merge]         ( q/H.hs-boot-merge, nothing )
    [2 of 2] Including p
      Instantiating p(h-impl:H)
      [1 of 2] Compiling H[boot]          ( p/H.hs-boot, nothing )
      [2 of 2] Compiling H[merge]         ( p/H.hs-boot-merge, nothing )
    [1 of 2] Compiling H[merge]         ( r/H.hs-boot-merge, nothing )
    [2 of 2] Compiling M                ( r/M.hs, nothing )
