[1 of 2] Processing p
  Checking ghc-prim
  [1 of 1] Compiling Int[sig]         ( p/Int.hsig, nothing )
[2 of 2] Processing q
  Instantiating q
  [1 of 2] Including base
  [2 of 2] Including p
    Instantiating p(Int -> base:GHC.Exts)
    [1 of 1] Including ghc-prim
    [1 of 1] Compiling Int[sig]         ( p/Int.hsig, bkp16-out/p/p-97PZnzqiJmd2hTwUNGdjod/Int.o )
