[1 of 3] Processing p
unit p(hole:A, hole:B)
  [1 of 3] Compiling A[sig]           ( p/A.hsig, nothing )
  [2 of 3] Compiling B[sig]           ( p/B.hsig, nothing )
  [3 of 3] Compiling P                ( p/P.hs, nothing )
[2 of 3] Processing r
  Instantiating r
unit r
  [1 of 1] Compiling Impl             ( r/Impl.hs, bkp25-out/r/Impl.o )
[3 of 3] Processing q
unit q(hole:A, hole:B)
- include r [(Impl, r:Impl)]
- include p(hole:A, hole:B) [(P, p(hole:A, hole:B):P)]
  Checking r
  [1 of 3] Compiling A[sig]           ( q/A.hsig, nothing )
  [2 of 3] Compiling B[sig]           ( q/B.hsig, nothing )
  [3 of 3] Compiling M                ( q/M.hs, nothing )
