[1 of 3] Processing p
unit p(hole:A)
  [1 of 2] Compiling A[sig]           ( p/A.hsig, nothing )
  [2 of 2] Compiling P                ( p/P.hs, nothing )
[2 of 3] Processing r
  Instantiating r
unit r
  [1 of 1] Compiling A                ( r/A.hs, bkp27-out/r/A.o )
[3 of 3] Processing q
  Instantiating q
unit q
- include r [(A, r:A)]
- include p(r:A) [(P, p(r:A):P)]
  [1 of 2] Including r
  [2 of 2] Including p
    Instantiating p(r:A)
unit p(r:A)
    [1 of 2] Compiling A[sig]           ( p/A.hsig, bkp27-out/p/p-8YQRY0unRYZCev5HBjXieS/A.o )
    [2 of 2] Compiling P                ( p/P.hs, bkp27-out/p/p-8YQRY0unRYZCev5HBjXieS/P.o )
  [1 of 1] Compiling M                ( q/M.hs, bkp27-out/q/M.o )
