[1 of 3] Processing p
  [1 of 2] Compiling A[sig]           ( p/A.hsig, nothing )
  [2 of 2] Compiling B[sig]           ( p/B.hsig, nothing )
[2 of 3] Processing q
  [1 of 2] Compiling B[sig]           ( q/B.hsig, nothing )
  [2 of 2] Compiling A[sig]           ( q/A.hsig, nothing )
[3 of 3] Processing pq
Module imports form a cycle:
         module ‘B’ (pq/B.hsig)
        imports ‘A’ (pq/A.hsig)
  which imports ‘B’ (pq/B.hsig)
