key: p_9rbJxkb1fpGLsNTPltwf3e
key: p_LITinW2pBU72KbNtFxl4Hd
[1 of 1] Compiling Main             ( Main.hs, Main.o )
Linking Main ...
False
[(0,"foo"),(6,"foo")]
fromList [(0,"foo"),(6,"foo")]
