class Foo a where
  foo :: a -> a
  {-# MINIMAL foo #-}
data T = A.T
mkT :: T
x :: Bool
Trust type is (Module: None, Package: trusted)
Package Trust: Off
B is NOT trusted!
