[1 of 3] Processing p
  [1 of 2] Compiling H[sig]           ( p/H.hsig, nothing )
  [2 of 2] Compiling A                ( p/A.hs, nothing )
[2 of 3] Processing q
  Instantiating q
  [1 of 1] Compiling H                ( q/H.hs, bkpfail09-out/q/H.o )
[3 of 3] Processing r
  Checking q
  Checking p(q:H)
ghc-stage2: panic! (the 'impossible' happened)
  (GHC version 8.1.20160330 for x86_64-unknown-linux):
	rnIfaceGlobal could not find H in H (did find: [S{S, S}])

Please report this as a GHC bug:  http://www.haskell.org/ghc/reportabug

