[1 of 3] Processing p
/--- Shape for p
provides:
requires: A -> p(hole:A):A
               A{A, A, foo}
signature p(hole:A):A
\---
  [1 of 1] Compiling A[abstract sig]  ( p/A.hsig, nothing )
[2 of 3] Processing q
/--- Shape for q
provides:
requires: A -> q(hole:A):A
               A{A, A, bar}
signature q(hole:A):A
\---
  [1 of 1] Compiling A[abstract sig]  ( q/A.hsig, nothing )
[3 of 3] Processing r
/--- Shape for r
provides: M -> r(hole:A):M
               x, y
requires: A -> p(hole:A):A, q(hole:A):A
               A{A, foo, A, bar}
include p(hole:A) [] requires [(A, [p(hole:A):A])]
include q(hole:A) [] requires [(A, [q(hole:A):A])]
module r(hole:A):M
\---
  [1 of 3] Including p
  [2 of 3] Including q

bkpfail04.bkp:11:5: error:
    The record label lists for ‘A’ differ
    data A = A {foo :: GHC.Types.Int}
    data A = A {bar :: GHC.Types.Bool}
      Promotable
